<s> 0
</s> 1
unk 2
the 3
, 4
. 5
of 6
and 7
in 8
a 9
to 10
as 11
was 12
anarchist 13
The 14
were 15
anarchism 16
from 17
International 18
that 19
an 20
or 21
In 22
' 23
first 24
his 25
is 26
with 27
their 28
not 29
by 30
anarchists 31
movement 32
on 33
social 34
which 35
for 36
had 37
revolutionary 38
its 39
French 40
been 41
some 42
Anarchism 43
philosophy 44
political 45
thought 46
became 47
this 48
most 49
be 50
; 51
at 52
use 53
have 54
are 55
term 56
century 57
Congress 58
Revolution 59
workers 60
used 61
May 62
but 63
during 64
against 65
philosopher 66
state 67
has 68
Bakunin 69
syndicalism 70
Proudhon 71
early 72
Paris 73
English 74
Spanish 75
day 76
they 77
only 78
Godwin 79
among 80
two 81
Commune 82
trade 83
unions 84
including 85
would 86
while 87
particular 88
A 89
who 90
States 91
anarchy 92
themselves 93
Malatesta 94
currents 95
it 96
itself 97
also 98
did 99
organization 100
many 101
United 102
General 103
million 104
First 105
War 106
Haymarket 107
revolt 108
There 109
general 110
society 111
countries 112
ideas 113
later 114
groups 115
other 116
considered 117
himself 118
anarchosyndicalist 119
individualist 120
he 121
great 122
Workers 123
all 124
revolution 125
followers 126
antiauthoritarian 127
central 128
major 129
wrote 130
event 131
police 132
when 133
international 134
sections 135
often 136
America 137
active 138
own 139
rally 140
word 141
France 142
such 143
violent 144
Joseph 145
these 146
become 147
Anarchist 148
founder 149
religious 150
By 151
known 152
eighthour 153
propaganda 154
organizations 155
Anarchists 156
refer 157
Taoist 158
collectivism 159
unanimously 160
class 161
Latin 162
developed 163
labor 164
can 165
into 166
Jacobin 167
Monatte 168
They 169
Day 170
PierreJoseph 171
freemarket 172
between 173
distinction 174
included 175
outside 176
result 177
advocated 178
CNT 179
began 180
acts 181
founded 182
special 183
1886 184
1 185
Association 186
revolutionaries 187
government 188
killed 189
e 190
Woodcock 191
crowd 192
de 193
i 194
following 195
conservative 196
time 197
property 198
Council 199
her 200
opened 201
Spain 202
affair 203
consider 204
socialist 205
federalist 206
work 207
1871 208
suffix 209
power 210
response 211
Christian 212
measures 213
Pierre 214
Déjacque 215
stateless 216
call 217
Zhuangzi 218
instead 219
out 220
doctrine 221
Jesus 222
opposed 223
economics 224
participated 225
party 226
even 227
themes 228
socialists 229
set 230
thatThe 231
fire 232
men 233
strike 234
quickly 235
delegates 236
until 237
From 238
Marx 239
split 240
Europe 241
officer 242
action 243
radical 244
important 245
almost 246
Marx's 247
clearly 248
next 249
synonym 250
place 251
supporting 252
though 253
small 254
George 255
union 256
similar 257
divided 258
Civil 259
Most 260
On 261
phenomenon 262
formulate 263
Russian 264
describe 265
authority 266
people 267
traditions 268
modern 269
Federation 270
1848 271
various 272
William 273
labour 274
conceptions 275
group 276
where 277
famous 278
disagreement 279
antiworker 280
offer 281
promoted 282
arrested 283
Brazil 284
particularThe 285
Robespierre 286
longterm 287
literary 288
line 289
Emma 290
Argentinanbsp 291
seeingrevolutionary 292
Peter 293
1880s 294
predicted 295
any 296
abstentionism 297
nineteenth 298
dual 299
killing 300
inside 301
nonviolence 302
Georges 303
systematic 304
unionists 305
consequently 306
Labor 307
free 308
advocates 309
undesirable 310
exhibited 311
Karl 312
attempted 313
conceived 314
economical 315
prevent 316
midnineteenth 317
ends 318
communal 319
picket 320
form 321
secondary 322
thrown 323
them 324
perpetuating 325
conference 326
Bao 327
reverberates 328
onwards 329
quarter 330
rich 331
program 332
fight 333
relation 334
scope 335
committed 336
Voluntary 337
authors 338
retaliation 339
Blanquists 340
After 341
fixed 342
Its 343
federations 344
politician 345
Marxist 346
publicizing 347
bigger 348
socialdemocratic 349
sources 350
topics 351
using 352
Jean 353
antidogmatic 354
tiny 355
constituted 356
viewed 357
aggression 358
flowing 359
lost 360
voluntary 361
execution 362
cross 363
deed 364
Enlightenment 365
characteristics 366
Unions 367
19th 368
T 369
Diogenes 370
New 371
after 372
Some 373
craft 374
Royalists 375
selfdefense 376
Greek 377
militant 378
15 379
upheaval 380
directed 381
compatible 382
exemplified 383
conduct 384
conditions 385
point 386
bombers 387
becausewe 388
Errico 389
worked 390
single 391
precedent 392
mass 393
Protestant 394
near 395
right 396
petty 397
manifests 398
advocating 399
citing 400
Peru 401
describing 402
still 403
complex 404
collectivists 405
established 406
FrancoPrussian 407
Max 408
James 409
subversive 410
what 411
satisfaction 412
tradition 413
Rudolf 414
officials 415
dictatorship 416
andnbsp 417
Wilhelm 418
few 419
second 420
relationship 421
language 422
extreme 423
none 424
figure 425
Sinope 426
categories 427
generation 428
initial 429
holdings 430
create 431
holiday 432
connotation 433
passed 434
charged 435
4 436
1881 437
American 438
attack 439
died 440
importance 441
diverse 442
Due 443
followed 444
Boétie 445
referring 446
expression 447
largest 448
1793 449
1922 450
Varlet 451
change 452
Benjamin 453
personal 454
further 455
him 456
holds 457
counterparts 458
education 459
becomes 460
thatgovernment 461
Zeno 462
London 463
1950s 464
1870 465
deceased 466
attached 467
aforementioned 468
Manifesto 469
ruled 470
Unlike 471
variety 472
Federación 473
nationalist 474
organizing 475
associates 476
legal 477
Mexico 478
subtle 479
Coeurderoy 480
ruler' 481
Moreover 482
Swiss 483
centralist 484
rid 485
Cynics 486
industrial 487
Organized 488
called 489
determined 490
human 491
book 492
different 493
reaction 494
insurrection 495
privilege 496
if 497
historian 498
1890s 499
Edmund 500
counterrevolutionaries 501
oxymoronic 502
economic 503
participation 504
emerged 505
wordanarchismhad 506
fluxing 507
broke 508
ten 509
treated 510
initially 511
ἀν 512
Chile 513
illegalism 514
complete 515
Burke 516
Anselme 517
least 518
Illegalism 519
memorializing 520
BC 521
person 522
text 523
Council's 524
theory 525
doctrines 526
mutualists 527
posthegelian 528
sprang 529
apostles 530
setback 531
wordanarchistoranarchismin 532
Christ 533
spontaneous 534
St 535
authorities 536
outlook 537
classifications 538
enragés 539
attracting 540
Discourse 541
1905 542
year 543
give 544
whereas 545
religion 546
may 547
England 548
sinful 549
enjoyment 550
Laozi 551
He 552
South 553
types 554
technical 555
forward 556
regularly 557
Seven 558
struggle 559
minority 560
Lechartier 561
uprising 562
more 563
antistatism 564
does 565
introduced 566
Square 567
method 568
toreplace 569
Central 570
rejection 571
must 572
seemingly 573
working 574
thefree 575
bourgeois 576
nearly 577
1920s 578
cited 579
positive 580
centrality 581
Ernest 582
partisans 583
avoid 584
climate 585
joined 586
throughout 587
each 588
Stirner 589
Diggers 590
Rousseau's 591
anarchocommunist 592
masters 593
Gerrard 594
outbreak 595
standard 596
whether 597
ruling 598
celebrities 599
much 600
popularity 601
exemplary 602
aslibertarian 603
officers 604
wishes 605
issue 606
termanarchistfirst 607
While 608
harmful 609
popular 610
creating 611
attempt 612
anarchistic 613
said 614
grew 615
1864 616
mutually 617
path 618
1868 619
individual 620
1794 621
debate 622
Obrera 623
Enragés 624
incompatible 625
warned 626
made 627
members 628
contradiction 629
links 630
expound 631
strikebreakers 632
delegate 633
politics 634
September 635
described 636
antimilitarism 637
committing 638
those 639
anarchistcommunists 640
view 641
turn 642
earthand 643
derived 644
governors 645
During 646
reflect 647
negative 648
prepared 649
Servitude 650
dwarfed 651
secular 652
theseanarchiststhere 653
La 654
collectivization 655
Ego 656
hierarchical 657
needs 658
aslibertarian' 659
beliefs 660
Hague 661
anarchosyndicalism 662
renaissance 663
transferred 664
carried 665
slogan 666
incident 667
Winstanley 668
Bakunin's 669
Subsequently 670
ruler 671
anarchiste 672
This 673
staged 674
revolting 675
28 676
suicide 677
Johann 678
attend 679
'Anarchistswas 680
overthrow 681
conflict 682
unless 683
Peace 684
composed 685
ended 686
communism 687
brief 688
away 689
aims 690
purpose 691
light 692
prefix 693
anarchosyndicalists 694
owing 695
6th 696
leftwing 697
leading 698
Josiah 699
coercive 700
final 701
arguments 702
issues 703
1872 704
centuries 705
individualism 706
harsh 707
Luigi 708
assassins 709
democrats 710
privative 711
unnecessary 712
found 713
Canada 714
organise 715
onceoff 716
impact 717
sometimes 718
individualists 719
sense 720
extent 721
illegalexpropriations' 722
Chicago 723
Benoît 724
sufficient 725
latter 726
worker's 727
Own 728
goods 729
question 730
true 731
directly 732
attempts 733
Zhuangzi's 734
N 735
now 736
argued 737
four 738
world 739
idolatry 740
body 741
Four 742
bomb 743
Roundhead 744
prior 745
exclusive 746
according 747
anarchocommunism 748
responsible 749
disappearance 750
Although 751
As 752
precursors 753
Étienne 754
argue 755
associations 756
push 757
work' 758
governed 759
Bellegarrigue 760
teachings 761
uprisings 762
fundamentally 763
JeanJacques 764
beingthe 765
experienced 766
membership 767
nevertheless 768
Jingyan 769
upon 770
opponents 771
Fabbri 772
differ 773
camps 774
achieving 775
invitations 776
Christiaan 777
1890 778
member 779
1539 780
uselibertarianismto 781
Tucker 782
looked 783
respective 784
man 785
particularly 786
poor 787
unknown 788
termlibertarianismhas 789
Freedom 790
Confederación 791
syndicalists 792
Denouncing 793
representing 794
limited 795
Thus 796
Strains 797
failure 798
concerning 799
Since 800
works 801
liberals 802
leaders 803
itThe 804
seeking 805
services 806
oppose 807
burglars 808
supported 809
published 810
Sylvain 811
ofthe 812
Workingmens 813
desperation 814
rival 815
abuse 816
inviting 817
nonhierarchical 818
freedom 819
socialism 820
came 821
entails 822
simply 823
one 824
Goldman 825
Imier 826
ideology 827
organisation 828
adopting 829
tendency 830
opposition 831
able 832
permanent 833
centralisation 834
date 835
defeated 836
gathered 837
thief 838
role 839
societies 840
17th 841
positively 842
anything 843
One 844
Romande 845
Rocker 846
situation 847
will 848
get 849
jail 850
characterised 851
Bonnot 852
revolutions 853
glorification 854
whatever 855
Amsterdam 856
Chicago's 857
playing 858
successful 859
archos 860
celebration 861
credits 862
worker 863
bombings 864
others 865
Stoicism 866
embrace 867
Regional 868
intolerable 869
formed 870
Germany 871
Trades 872
antisyndicalist 873
supporters 874
valets 875
common 876
end 877
Weitling 878
governmentas 879
reports 880
force 881
hand 882
whom 883
birth 884
ensuing 885
establishment 886
Broutchoux 887
Kropotkin 888
proposing 889
Statewith 890
1844 891
Philadelphes 892
fluctuations 893
earliest 894
conclusion 895
practice 896
18 897
Italy 898
At 899
Maréchal 900
organisers 901
prestige 902
Mikhail 903
Trabajo 904
professional 905
York 906
mutualism 907
Modern 908
1907 909
meant 910
Guillaume 911
schools 912
across 913
League 914
Citium 915
1910 916
united 917
preach 918
Fédération 919
headquarters 920
France's 921
individualistic 922
Argentina 923
forms 924
opposing 925
private 926
primarily 927
terrorism 928
essentially 929
58 930
Gang 931
product 932
demandedthe 933
direction 934
making 935
narxosἄναρχοςref 936
actively 937
reformist 938
Various 939
exclusively 940
tyrannicides 941
system 942
write 943
Before 944
led 945
firmly 946
deedto 947
excuse 948
represented 949
affiliated 950
regicides 951
nationalists 952
moral 953
annual 954
refrain 955
panic 956
murder 957
tradeunion 958
significant 959
Nation 960
advantage 961
terms 962
present 963
draws 964
ism 965
Proudhon's 966
unsuccessful 967
put 968
fifth 969
March 970
anarchism' 971
collectivist 972
workersmovements 973
communities 974
'leader' 975
relations 976
polarised 977
strategy 978
interpretations 979
like 980
concerned 981
contemporary 982
C 983
fought 984
expelled 985
elements 986
14 987
Maximilien 988
related 989
figureheads 990
adopted 991
1940s 992
Warren 993
endured 994
took 995
briefly 996
expressed 997
3 998
compound 999
take 1000
Marxists 1001
del 1002
support 1003
climaxed 1004
based 1005
federation 1006
Many 1007
taken 1008
Equals 1009
indirectly 1010
left 1011
entered 1012
within 1013
Such 1014
undoubtedly 1015
participatory 1016
nature 1017
resolutions 1018
contributed 1019
name 1020
formal 1021
fruits 1022
Eight 1023
large 1024
Nacional 1025
figures 1026
allied 1027
1642 1028
respectively 1029
regarding 1030
always 1031
influential 1032
Cornelissen 1033
being 1034
executed 1035
